#
# Test of basic interfaces to access the CHIPpro.
#
# Note: ~/chippro is the directory on my host.
# Note: CHIPpro hostname: cos, user: cos, (guess the password).

#----------------------------------------------------------------------------------------
# UART console: OK
~/chippro$ serialport /dev/ttyUSB0 115200n81
cos login: cos
Password:
cos@cos:~$ exit
cos login:
^C

#----------------------------------------------------------------------------------------
## Kernel USB gadget: OK (USB SLAVE PORT GADGET SERIAL TTY OK)
## -> Product of the gadget is "USB serial term", manufacturer "NTC", serialno, well ...
~/chippro$ serialport /dev/ttyACM0 115200n81
cos login: cos
Password:
cos@cos:~$
cos@cos:~$ exit
^C
~/chippro$ dmesg
[...]
[ 3418.721785] usb 3-1: new high-speed USB device number 11 using xhci_hcd
[ 3418.850761] usb 3-1: New USB device found, idVendor=1d6b, idProduct=0104
[ 3418.850767] usb 3-1: New USB device strings: Mfr=1, Product=2, SerialNumber=3
[ 3418.850770] usb 3-1: Product: USB serial term
[ 3418.850772] usb 3-1: Manufacturer: NTC
[ 3418.850774] usb 3-1: SerialNumber: 0123456789
[ 3418.871668] cdc_acm 3-1:1.0: ttyACM0: USB ACM device
[ 3418.871908] usbcore: registered new interface driver cdc_acm
[ 3418.871910] cdc_acm: USB Abstract Control Model driver for USB modems and ISDN adapters
[...]

#----------------------------------------------------------------------------------------
## WiFi
root@cos:~# connmanctl
connmanctl> enable wifi
Error wifi: Already enabled
connmanctl> agent on
Agent registered
connmanctl> scan wifi
Scan completed for wifi
connmanctl> services
              wifi_############_hidden_managed_psk
              wifi_############_hidden_managed_psk
connmanctl> connect wifi_############_hidden_managed_psk
Agent RequestInput wifi_############_hidden_managed_psk
  Name = [ Type=string, Requirement=mandatory, Alternates=[ SSID ] ]
  SSID = [ Type=ssid, Requirement=alternate ]
  Passphrase = [ Type=psk, Requirement=mandatory ]
Hidden SSID name? ##########
Passphrase? ########################
Connected wifi_############_hidden_managed_psk
connmanctl> exit
root@cos:~# ip a
1: lo: <LOOPBACK,UP,LOWER_UP> mtu 65536 qdisc noqueue state UNKNOWN group default qlen 1
    link/loopback 00:00:00:00:00:00 brd 00:00:00:00:00:00
    inet 127.0.0.1/8 scope host lo
       valid_lft forever preferred_lft forever
    inet6 ::1/128 scope host
       valid_lft forever preferred_lft forever
2: wlan0: <NO-CARRIER,BROADCAST,MULTICAST,DYNAMIC,UP> mtu 1500 qdisc mq state DOWN group default qlen 1000
    link/ether ##:##:##:##:##:## brd ff:ff:ff:ff:ff:ff
3: wlan1: <BROADCAST,MULTICAST,DYNAMIC,UP,LOWER_UP> mtu 1500 qdisc mq state UP group default qlen 1000
    link/ether ##:##:##:##:##:## brd ff:ff:ff:ff:ff:ff
    inet 192.168.###.###/24 brd 192.168.###.255 scope global wlan1
       valid_lft forever preferred_lft forever
    inet6 ####:####:####:####:####:####:####:####/64 scope global
       valid_lft forever preferred_lft forever
    inet6 ####:####:####:####:####:####:####:####/64 scope global mngtmpaddr dynamic
       valid_lft 535427sec preferred_lft 401570sec
    inet6 ####:####:####:####:####:####:####:####/64 scope global mngtmpaddr dynamic
       valid_lft 5399sec preferred_lft 2699sec
    inet6 fe80::####:####:####:####/64 scope link
       valid_lft forever preferred_lft forever
root@cos:~# ping 8.8.8.8
PING 8.8.8.8 (8.8.8.8) 56(84) bytes of data.
64 bytes from 8.8.8.8: icmp_seq=1 ttl=45 time=46.4 ms
64 bytes from 8.8.8.8: icmp_seq=2 ttl=45 time=48.4 ms
64 bytes from 8.8.8.8: icmp_seq=3 ttl=45 time=36.4 ms
64 bytes from 8.8.8.8: icmp_seq=4 ttl=45 time=39.3 ms
64 bytes from 8.8.8.8: icmp_seq=5 ttl=45 time=42.6 ms
^C
--- 8.8.8.8 ping statistics ---
5 packets transmitted, 5 received, 0% packet loss, time 4008ms
rtt min/avg/max/mdev = 36.417/42.665/48.435/4.419 ms


#----------------------------------------------------------------------------------------
## SSH via WiFi
# (preparation via ttyACM0):
cos@cos:~$ mkdir -p .ssh
cos@cos:~$ chmod 700 .ssh
cos@cos:~$ # echo id_rsa.pub > .ssh/authorized_keys
cos@cos:~$ chmod 600 .ssh/authorized_keys
cos@cos:~$ exit

# my ssh config for the target ...
~/chippro$ cat ~/.ssh/config
[...]
Host chippro2
  HostName fe80::####:####:####:####%%wlp2s0
  User cos
  ConnectTimeout 10
  CheckHostIP no
  ConnectTimeout 10
  HashKnownHosts no
  StrictHostKeyChecking no
  UserKnownHostsFile /dev/null
[...]

# connect
~/chippro$ ssh chippro2
cos@cos:~$ exit
Connection to fe80::####:####:####:####%wlp2s0 closed.
~/chippro$

#----------------------------------------------------------------------------------------
## Civetweb server
# @note: server not on IPv6 ?! --> todo defconfig
~/chippro$ curl -I 'http://192.168.###.###/'
HTTP/1.1 200 OK
Date: Wed, 14 Jun 2017 20:01:12 GMT
Last-Modified: Wed, 14 Jun 2017 18:22:06 GMT
Etag: "59417ece.876"
Content-Type: text/html
Content-Length: 876
Connection: close
Accept-Ranges: bytes

# EOF
#----------------------------------------------------------------------------------------
